[debug] [2026-10-06T19:34:47.566Z] ----------------------------------------------------------------------
[debug] [2026-10-06T19:34:47.567Z] Command:       /usr/local/bin/node /usr/local/bin/firebase deploy --only hosting --project agam-portfolio --non-interactive
[debug] [2026-10-06T19:34:47.567Z] CLI Version:   13.2.1
[debug] [2026-10-06T19:34:47.568Z] Platform:      darwin
[debug] [2026-10-06T19:34:47.568Z] Node Version:  v22.20.0
[debug] [2026-10-06T19:34:47.568Z] Time:          Wed Oct 07 2026 01:04:47 GMT+0530 (India Standard Time)
[debug] [2026-10-06T19:34:47.568Z] ----------------------------------------------------------------------
[debug] 
[debug] [2026-10-06T19:34:47.601Z] > command requires scopes: ["email","openid","https://www.googleapis.com/auth/cloudplatformprojects.readonly","https://www.googleapis.com/auth/firebase","https://www.googleapis.com/auth/cloud-platform"]
[debug] [2026-10-06T19:34:47.601Z] > authorizing via signed-in user (agamsrivastavavns1193@gmail.com)
[debug] [2026-10-06T19:34:47.601Z] [iam] checking project agam-portfolio for permissions ["firebase.projects.get","firebasehosting.sites.update"]
[debug] [2026-10-06T19:34:47.602Z] >>> [apiv2][query] POST https://cloudresourcemanager.googleapis.com/v1/projects/agam-portfolio:testIamPermissions [none]
[debug] [2026-10-06T19:34:47.602Z] >>> [apiv2][(partial)header] POST https://cloudresourcemanager.googleapis.com/v1/projects/agam-portfolio:testIamPermissions x-goog-quota-user=projects/agam-portfolio
[debug] [2026-10-06T19:34:47.602Z] >>> [apiv2][body] POST https://cloudresourcemanager.googleapis.com/v1/projects/agam-portfolio:testIamPermissions {"permissions":["firebase.projects.get","firebasehosting.sites.update"]}
[debug] [2026-10-06T19:34:49.247Z] <<< [apiv2][status] POST https://cloudresourcemanager.googleapis.com/v1/projects/agam-portfolio:testIamPermissions 200
[debug] [2026-10-06T19:34:49.248Z] <<< [apiv2][body] POST https://cloudresourcemanager.googleapis.com/v1/projects/agam-portfolio:testIamPermissions {"permissions":["firebase.projects.get","firebasehosting.sites.update"]}
[debug] [2026-10-06T19:34:49.249Z] >>> [apiv2][query] GET https://firebase.googleapis.com/v1beta1/projects/agam-portfolio [none]
[debug] [2026-10-06T19:34:49.882Z] <<< [apiv2][status] GET https://firebase.googleapis.com/v1beta1/projects/agam-portfolio 200
[debug] [2026-10-06T19:34:49.882Z] <<< [apiv2][body] GET https://firebase.googleapis.com/v1beta1/projects/agam-portfolio {"projectId":"agam-portfolio","projectNumber":"190476220615","displayName":"Agam Portfolio","name":"projects/agam-portfolio","resources":{"hostingSite":"agam-portfolio"},"state":"ACTIVE","labels":{"firebase":"enabled"},"etag":"1_b1caba43-a2ff-4d7d-8d9c-d93add74132c"}
[info] 
[info] === Deploying to 'agam-portfolio'...
[info] 
[info] i  deploying hosting 
[debug] [2026-10-06T19:34:49.887Z] >>> [apiv2][query] POST https://firebasehosting.googleapis.com/v1beta1/projects/-/sites/agam-portfolio/versions [none]
[debug] [2026-10-06T19:34:49.887Z] >>> [apiv2][body] POST https://firebasehosting.googleapis.com/v1beta1/projects/-/sites/agam-portfolio/versions {"status":"CREATED","labels":{"deployment-tool":"cli-firebase"}}
[debug] [2026-10-06T19:34:51.554Z] <<< [apiv2][status] POST https://firebasehosting.googleapis.com/v1beta1/projects/-/sites/agam-portfolio/versions 200
[debug] [2026-10-06T19:34:51.554Z] <<< [apiv2][body] POST https://firebasehosting.googleapis.com/v1beta1/projects/-/sites/agam-portfolio/versions {"name":"projects/190476220615/sites/agam-portfolio/versions/a72b0630268fca67","status":"CREATED","config":{},"labels":{"deployment-tool":"cli-firebase"}}
[info] i  hosting[agam-portfolio]: beginning deploy... 
[info] i  hosting[agam-portfolio]: found 43 files in build 
[debug] [2026-10-06T19:34:51.569Z] [hosting] uploading with 200 concurrency
[debug] [2026-10-06T19:34:51.939Z] [hosting] hash cache [YnVpbGQ] stored for 43 files
[debug] [2026-10-06T19:34:51.939Z] [hosting][hash queue][FINAL] {"max":363,"min":23,"avg":54.30232558139536,"active":0,"complete":43,"success":43,"errored":0,"retried":0,"total":43,"elapsed":368}
[debug] [2026-10-06T19:34:51.939Z] >>> [apiv2][query] POST https://firebasehosting.googleapis.com/v1beta1/projects/190476220615/sites/agam-portfolio/versions/a72b0630268fca67:populateFiles [none]
[debug] [2026-10-06T19:34:51.939Z] >>> [apiv2][body] POST https://firebasehosting.googleapis.com/v1beta1/projects/190476220615/sites/agam-portfolio/versions/a72b0630268fca67:populateFiles {"files":{"/asset-manifest.json":"7390c62eb28085d19bf35169c6458568dc5fc1c7a61d9de429b18e5ded073b8c","/manifest.json":"f0f8e07541609adc74988fdefd70e685a977fc8f02206eb541b986484502f6c8","/index.html":"1c67097dd2d307f9f48f89c3e110af58696fc415aea8c727e9c1e51e0a27a6c6","/robots.txt":"391d14b3c2f8c9143a27a28c7399585142228d4d1bdbe2c87ac946de411fa9a2","/static/js/120.0c4681fe.chunk.js":"4bc9ef053cbfc981ef785985d594247d68d86ac32771b524e1b9d7ff0f5a15af","/static/js/120.0c4681fe.chunk.js.map":"46c6ac93734e63450fcd2b8408ab36dd02c4441d17873f742ee6c06e2c795da0","/static/js/128.1e7714b2.chunk.js":"f58e1707a4e85a200f21ef8068eb46c788592eddb269e7ae209384282d303413","/static/js/348.0f887ee6.chunk.js":"9b4305afab553ec6fa979c97ea018ada25372de1bdf2167018b556cb0d4b3e76","/static/js/592.6d7de513.chunk.js":"4310d4920006de12a8ecd4a231a33c959339ae019494408ffe0650b63579a966","/static/js/384.a3d8b8d2.chunk.js":"3e4a8ec82304667ec56c8153252015ff839c3016c01bfd57cab2a9284573a500","/static/js/128.1e7714b2.chunk.js.map":"465ce41168a452a7fae2cb4884018e5896a5e83cf7e24414ceba38304a44a374","/static/js/384.a3d8b8d2.chunk.js.map":"37fed69c9af253d6d0c0cde15d1df366eb1068126fd754ca751af7d59626c825","/static/js/592.6d7de513.chunk.js.map":"d118c9e4582a80fd99caf7adf8121b974547d485e640844ea967299ac846483d","/static/js/716.652630c2.chunk.js.map":"3e11668c283ec2a89ca7af7ae77c6066ba39488f378ab6f0df0a79ae756b7cea","/static/js/716.652630c2.chunk.js":"33a3b72b9bd794c8a0178d3d6ede59fd7707734bd4b48e291e66014cc0f24ee7","/static/js/748.084caa90.chunk.js":"2e07850fb94a3f67dc9032a89ca20898b0e241057a1e4dea169f2208bdca2fbf","/static/js/916.b1191a94.chunk.js":"c2961d0b074d151f55c2d29599f3506fe9fe3512b6ccbcb002d3a8e74c6fe845","/static/js/948.367252ec.chunk.js":"ece9ca7a5e58d40145948680cb5b8940ef749d1655a1a64b61276ebb23b663df","/static/js/main.fa3badcf.js.LICENSE.txt":"1375fe08e55217f1e1053af125aafaf101420faf08a8c0f9b9c303bcc40ad69d","/static/media/pre.d4812f51c8c80976eaab.svg":"2442c43c60b3f81c3c7534c6889f3ba5182b35d826504e8a761265143bb91ce3","/static/media/home-bg.dc52d5d40a40b13154b0.jpg":"341da4d76c2ebdace8de0db32771187917df3ede7be9c8db875f34fcd39c39d3","/static/js/348.0f887ee6.chunk.js.map":"74dbe3d0a5c8b194b64507efda378ff44019f2a0214da99754c8378ff0406f10","/static/media/home-main.541f8179af8209ce03ccf2178fe62dbf.svg":"0ab68f6fe61a5d1a12f2fc38013c8a99bc35a196dfa63e4e7bd8dad2ee773d0a","/favicon.png":"10eead4dd88ee199b0e2f2553241ac6b4f0d1ec0b9895e9b8538317a0fc1e61f","/static/js/748.084caa90.chunk.js.map":"35440dfc5ca2b8e6376da928b3bcb915fae0d31836c53fede0b388b954a642b8","/static/css/main.bb02c80d.css":"55c731b0eb0235c7b59e7bc0672736eb42c9aec2de3d1dc76de0b03235490210","/Agam_Srivastava_MERN_3.8YOE.pdf":"a0601849ad5578e9f7606f9b2227954eba67f082e8ea2629aff01dffab8371f3","/static/js/708.c2a9704a.chunk.js":"a8f8eb3065077159d8cffa404b42baa292dc1400721869180c5dbb821e11661f","/static/media/about.aee0f771fbfc1e7b8fa8.png":"1365ab94713299d781ddbc4ccca294ea678648ccf23df6287c556d29e5a2f66a","/static/media/custom_table.b54f027009b3f88e39bf.png":"1c01fc85f27745d2c0af8383bfa2ab07f0bf53b827b49baad27abe88721f51a2","/static/js/main.fa3badcf.js":"8dbb4c2b635d3ae66dfc03bcc8ca85eb28493c473f593f8447f7c5c7a1325f77","/static/media/blog.fb8ab7f271a937d5fc01.png":"b9f887000911f3028cfac32d585fb99071a857691fc4483cd4355a768707ade8","/static/media/chatify.dbd0d77f8524b08521e9.png":"94491442c95eb88ac4377d715cef5fd67a834208aef819954d300cb8b3701ef6","/static/media/ticket_portal.22d6435c9b799eda2b5a.png":"1a590f6299b994f5c5a719d374c900bd62abdd6a05b848c582572f856d3a8a2d","/static/js/948.367252ec.chunk.js.map":"75d6da4fca635dae6785b9153ab428a6fbad02d0bf96b3cad34de574b4781134","/static/css/main.bb02c80d.css.map":"9aa835b6f1bbc5957890a7feb2c26ab2d85bbd203e6f917a67e88d7305eca77a","/static/media/student_crm.ef374094d3c1bf45d760.png":"70a6370327a2591f0a021a5b8c357209623e7f2fdac6d78dc69dd3ab07761396","/static/media/trophies.ee4cfed64804ff7c9279.png":"17b31b52b4714c839ef589d63e0436be4d23648514ff698f442882503ed0a075","/static/js/708.c2a9704a.chunk.js.map":"73705be3fec8529ad662af28f40c25ac2944f7c78e8cd4f177ad60f564bbe320","/static/media/season.b25dc229841b82310d65.png":"7b098bfb17dfe07c2f81c16f03013a11ac959cd98f3caeddabf555f22b2e444b","/static/js/916.b1191a94.chunk.js.map":"9918e2a24d18ce58b4f1fc8c19b6a641f39b9135c3f42cded5a3d6de6911bf73","/static/media/exploring.50fff996c07bbececc40.png":"44ab3abf80346329360a460b2bbc21354ddebbf82510225c27d44e45b3690834","/static/js/main.fa3badcf.js.map":"c780524434d4b5c9c37001ef105778e3c505cd556458178dea9eca22ec0574aa"}}
[debug] [2026-10-06T19:34:53.132Z] <<< [apiv2][status] POST https://firebasehosting.googleapis.com/v1beta1/projects/190476220615/sites/agam-portfolio/versions/a72b0630268fca67:populateFiles 200
[debug] [2026-10-06T19:34:53.132Z] <<< [apiv2][body] POST https://firebasehosting.googleapis.com/v1beta1/projects/190476220615/sites/agam-portfolio/versions/a72b0630268fca67:populateFiles {"uploadRequiredHashes":["9b4305afab553ec6fa979c97ea018ada25372de1bdf2167018b556cb0d4b3e76","75d6da4fca635dae6785b9153ab428a6fbad02d0bf96b3cad34de574b4781134","7390c62eb28085d19bf35169c6458568dc5fc1c7a61d9de429b18e5ded073b8c","55c731b0eb0235c7b59e7bc0672736eb42c9aec2de3d1dc76de0b03235490210","3e4a8ec82304667ec56c8153252015ff839c3016c01bfd57cab2a9284573a500","4bc9ef053cbfc981ef785985d594247d68d86ac32771b524e1b9d7ff0f5a15af","ece9ca7a5e58d40145948680cb5b8940ef749d1655a1a64b61276ebb23b663df","9918e2a24d18ce58b4f1fc8c19b6a641f39b9135c3f42cded5a3d6de6911bf73","c2961d0b074d151f55c2d29599f3506fe9fe3512b6ccbcb002d3a8e74c6fe845","a8f8eb3065077159d8cffa404b42baa292dc1400721869180c5dbb821e11661f","1c67097dd2d307f9f48f89c3e110af58696fc415aea8c727e9c1e51e0a27a6c6","37fed69c9af253d6d0c0cde15d1df366eb1068126fd754ca751af7d59626c825","35440dfc5ca2b8e6376da928b3bcb915fae0d31836c53fede0b388b954a642b8","f58e1707a4e85a200f21ef8068eb46c788592eddb269e7ae209384282d303413","465ce41168a452a7fae2cb4884018e5896a5e83cf7e24414ceba38304a44a374","74dbe3d0a5c8b194b64507efda378ff44019f2a0214da99754c8378ff0406f10","46c6ac93734e63450fcd2b8408ab36dd02c4441d17873f742ee6c06e2c795da0","2e07850fb94a3f67dc9032a89ca20898b0e241057a1e4dea169f2208bdca2fbf","73705be3fec8529ad662af28f40c25ac2944f7c78e8cd4f177ad60f564bbe320","3e11668c283ec2a89ca7af7ae77c6066ba39488f378ab6f0df0a79ae756b7cea","8dbb4c2b635d3ae66dfc03bcc8ca85eb28493c473f593f8447f7c5c7a1325f77","33a3b72b9bd794c8a0178d3d6ede59fd7707734bd4b48e291e66014cc0f24ee7","9aa835b6f1bbc5957890a7feb2c26ab2d85bbd203e6f917a67e88d7305eca77a","c780524434d4b5c9c37001ef105778e3c505cd556458178dea9eca22ec0574aa"],"uploadUrl":"https://upload-firebasehosting.googleapis.com/upload/sites/agam-portfolio/versions/a72b0630268fca67/files"}
[debug] [2026-10-06T19:34:53.136Z] >>> [apiv2][query] POST https://upload-firebasehosting.googleapis.com/upload/sites/agam-portfolio/versions/a72b0630268fca67/files/9b4305afab553ec6fa979c97ea018ada25372de1bdf2167018b556cb0d4b3e76 [none]
[debug] [2026-10-06T19:34:53.136Z] >>> [apiv2][body] POST https://upload-firebasehosting.googleapis.com/upload/sites/agam-portfolio/versions/a72b0630268fca67/files/9b4305afab553ec6fa979c97ea018ada25372de1bdf2167018b556cb0d4b3e76 [stream]
[debug] [2026-10-06T19:34:53.138Z] >>> [apiv2][query] POST https://upload-firebasehosting.googleapis.com/upload/sites/agam-portfolio/versions/a72b0630268fca67/files/75d6da4fca635dae6785b9153ab428a6fbad02d0bf96b3cad34de574b4781134 [none]
[debug] [2026-10-06T19:34:53.139Z] >>> [apiv2][body] POST https://upload-firebasehosting.googleapis.com/upload/sites/agam-portfolio/versions/a72b0630268fca67/files/75d6da4fca635dae6785b9153ab428a6fbad02d0bf96b3cad34de574b4781134 [stream]
[debug] [2026-10-06T19:34:53.140Z] >>> [apiv2][query] POST https://upload-firebasehosting.googleapis.com/upload/sites/agam-portfolio/versions/a72b0630268fca67/files/7390c62eb28085d19bf35169c6458568dc5fc1c7a61d9de429b18e5ded073b8c [none]
[debug] [2026-10-06T19:34:53.140Z] >>> [apiv2][body] POST https://upload-firebasehosting.googleapis.com/upload/sites/agam-portfolio/versions/a72b0630268fca67/files/7390c62eb28085d19bf35169c6458568dc5fc1c7a61d9de429b18e5ded073b8c [stream]
[debug] [2026-10-06T19:34:53.141Z] >>> [apiv2][query] POST https://upload-firebasehosting.googleapis.com/upload/sites/agam-portfolio/versions/a72b0630268fca67/files/55c731b0eb0235c7b59e7bc0672736eb42c9aec2de3d1dc76de0b03235490210 [none]
[debug] [2026-10-06T19:34:53.141Z] >>> [apiv2][body] POST https://upload-firebasehosting.googleapis.com/upload/sites/agam-portfolio/versions/a72b0630268fca67/files/55c731b0eb0235c7b59e7bc0672736eb42c9aec2de3d1dc76de0b03235490210 [stream]
[debug] [2026-10-06T19:34:53.143Z] >>> [apiv2][query] POST https://upload-firebasehosting.googleapis.com/upload/sites/agam-portfolio/versions/a72b0630268fca67/files/3e4a8ec82304667ec56c8153252015ff839c3016c01bfd57cab2a9284573a500 [none]
[debug] [2026-10-06T19:34:53.143Z] >>> [apiv2][body] POST https://upload-firebasehosting.googleapis.com/upload/sites/agam-portfolio/versions/a72b0630268fca67/files/3e4a8ec82304667ec56c8153252015ff839c3016c01bfd57cab2a9284573a500 [stream]
[debug] [2026-10-06T19:34:53.146Z] >>> [apiv2][query] POST https://upload-firebasehosting.googleapis.com/upload/sites/agam-portfolio/versions/a72b0630268fca67/files/4bc9ef053cbfc981ef785985d594247d68d86ac32771b524e1b9d7ff0f5a15af [none]
[debug] [2026-10-06T19:34:53.146Z] >>> [apiv2][body] POST https://upload-firebasehosting.googleapis.com/upload/sites/agam-portfolio/versions/a72b0630268fca67/files/4bc9ef053cbfc981ef785985d594247d68d86ac32771b524e1b9d7ff0f5a15af [stream]
[debug] [2026-10-06T19:34:53.148Z] >>> [apiv2][query] POST https://upload-firebasehosting.googleapis.com/upload/sites/agam-portfolio/versions/a72b0630268fca67/files/ece9ca7a5e58d40145948680cb5b8940ef749d1655a1a64b61276ebb23b663df [none]
[debug] [2026-10-06T19:34:53.148Z] >>> [apiv2][body] POST https://upload-firebasehosting.googleapis.com/upload/sites/agam-portfolio/versions/a72b0630268fca67/files/ece9ca7a5e58d40145948680cb5b8940ef749d1655a1a64b61276ebb23b663df [stream]
[debug] [2026-10-06T19:34:53.149Z] >>> [apiv2][query] POST https://upload-firebasehosting.googleapis.com/upload/sites/agam-portfolio/versions/a72b0630268fca67/files/9918e2a24d18ce58b4f1fc8c19b6a641f39b9135c3f42cded5a3d6de6911bf73 [none]
[debug] [2026-10-06T19:34:53.149Z] >>> [apiv2][body] POST https://upload-firebasehosting.googleapis.com/upload/sites/agam-portfolio/versions/a72b0630268fca67/files/9918e2a24d18ce58b4f1fc8c19b6a641f39b9135c3f42cded5a3d6de6911bf73 [stream]
[debug] [2026-10-06T19:34:53.150Z] >>> [apiv2][query] POST https://upload-firebasehosting.googleapis.com/upload/sites/agam-portfolio/versions/a72b0630268fca67/files/c2961d0b074d151f55c2d29599f3506fe9fe3512b6ccbcb002d3a8e74c6fe845 [none]
[debug] [2026-10-06T19:34:53.150Z] >>> [apiv2][body] POST https://upload-firebasehosting.googleapis.com/upload/sites/agam-portfolio/versions/a72b0630268fca67/files/c2961d0b074d151f55c2d29599f3506fe9fe3512b6ccbcb002d3a8e74c6fe845 [stream]
[debug] [2026-10-06T19:34:53.151Z] >>> [apiv2][query] POST https://upload-firebasehosting.googleapis.com/upload/sites/agam-portfolio/versions/a72b0630268fca67/files/a8f8eb3065077159d8cffa404b42baa292dc1400721869180c5dbb821e11661f [none]
[debug] [2026-10-06T19:34:53.151Z] >>> [apiv2][body] POST https://upload-firebasehosting.googleapis.com/upload/sites/agam-portfolio/versions/a72b0630268fca67/files/a8f8eb3065077159d8cffa404b42baa292dc1400721869180c5dbb821e11661f [stream]
[debug] [2026-10-06T19:34:53.152Z] >>> [apiv2][query] POST https://upload-firebasehosting.googleapis.com/upload/sites/agam-portfolio/versions/a72b0630268fca67/files/1c67097dd2d307f9f48f89c3e110af58696fc415aea8c727e9c1e51e0a27a6c6 [none]
[debug] [2026-10-06T19:34:53.152Z] >>> [apiv2][body] POST https://upload-firebasehosting.googleapis.com/upload/sites/agam-portfolio/versions/a72b0630268fca67/files/1c67097dd2d307f9f48f89c3e110af58696fc415aea8c727e9c1e51e0a27a6c6 [stream]
[debug] [2026-10-06T19:34:53.153Z] >>> [apiv2][query] POST https://upload-firebasehosting.googleapis.com/upload/sites/agam-portfolio/versions/a72b0630268fca67/files/37fed69c9af253d6d0c0cde15d1df366eb1068126fd754ca751af7d59626c825 [none]
[debug] [2026-10-06T19:34:53.153Z] >>> [apiv2][body] POST https://upload-firebasehosting.googleapis.com/upload/sites/agam-portfolio/versions/a72b0630268fca67/files/37fed69c9af253d6d0c0cde15d1df366eb1068126fd754ca751af7d59626c825 [stream]
[debug] [2026-10-06T19:34:53.153Z] >>> [apiv2][query] POST https://upload-firebasehosting.googleapis.com/upload/sites/agam-portfolio/versions/a72b0630268fca67/files/35440dfc5ca2b8e6376da928b3bcb915fae0d31836c53fede0b388b954a642b8 [none]
[debug] [2026-10-06T19:34:53.153Z] >>> [apiv2][body] POST https://upload-firebasehosting.googleapis.com/upload/sites/agam-portfolio/versions/a72b0630268fca67/files/35440dfc5ca2b8e6376da928b3bcb915fae0d31836c53fede0b388b954a642b8 [stream]
[debug] [2026-10-06T19:34:53.154Z] >>> [apiv2][query] POST https://upload-firebasehosting.googleapis.com/upload/sites/agam-portfolio/versions/a72b0630268fca67/files/f58e1707a4e85a200f21ef8068eb46c788592eddb269e7ae209384282d303413 [none]
[debug] [2026-10-06T19:34:53.154Z] >>> [apiv2][body] POST https://upload-firebasehosting.googleapis.com/upload/sites/agam-portfolio/versions/a72b0630268fca67/files/f58e1707a4e85a200f21ef8068eb46c788592eddb269e7ae209384282d303413 [stream]
[debug] [2026-10-06T19:34:53.155Z] >>> [apiv2][query] POST https://upload-firebasehosting.googleapis.com/upload/sites/agam-portfolio/versions/a72b0630268fca67/files/465ce41168a452a7fae2cb4884018e5896a5e83cf7e24414ceba38304a44a374 [none]
[debug] [2026-10-06T19:34:53.155Z] >>> [apiv2][body] POST https://upload-firebasehosting.googleapis.com/upload/sites/agam-portfolio/versions/a72b0630268fca67/files/465ce41168a452a7fae2cb4884018e5896a5e83cf7e24414ceba38304a44a374 [stream]
[debug] [2026-10-06T19:34:53.155Z] >>> [apiv2][query] POST https://upload-firebasehosting.googleapis.com/upload/sites/agam-portfolio/versions/a72b0630268fca67/files/74dbe3d0a5c8b194b64507efda378ff44019f2a0214da99754c8378ff0406f10 [none]
[debug] [2026-10-06T19:34:53.155Z] >>> [apiv2][body] POST https://upload-firebasehosting.googleapis.com/upload/sites/agam-portfolio/versions/a72b0630268fca67/files/74dbe3d0a5c8b194b64507efda378ff44019f2a0214da99754c8378ff0406f10 [stream]
[debug] [2026-10-06T19:34:53.156Z] >>> [apiv2][query] POST https://upload-firebasehosting.googleapis.com/upload/sites/agam-portfolio/versions/a72b0630268fca67/files/46c6ac93734e63450fcd2b8408ab36dd02c4441d17873f742ee6c06e2c795da0 [none]
[debug] [2026-10-06T19:34:53.156Z] >>> [apiv2][body] POST https://upload-firebasehosting.googleapis.com/upload/sites/agam-portfolio/versions/a72b0630268fca67/files/46c6ac93734e63450fcd2b8408ab36dd02c4441d17873f742ee6c06e2c795da0 [stream]
[debug] [2026-10-06T19:34:53.156Z] >>> [apiv2][query] POST https://upload-firebasehosting.googleapis.com/upload/sites/agam-portfolio/versions/a72b0630268fca67/files/2e07850fb94a3f67dc9032a89ca20898b0e241057a1e4dea169f2208bdca2fbf [none]
[debug] [2026-10-06T19:34:53.157Z] >>> [apiv2][body] POST https://upload-firebasehosting.googleapis.com/upload/sites/agam-portfolio/versions/a72b0630268fca67/files/2e07850fb94a3f67dc9032a89ca20898b0e241057a1e4dea169f2208bdca2fbf [stream]
[debug] [2026-10-06T19:34:53.157Z] >>> [apiv2][query] POST https://upload-firebasehosting.googleapis.com/upload/sites/agam-portfolio/versions/a72b0630268fca67/files/73705be3fec8529ad662af28f40c25ac2944f7c78e8cd4f177ad60f564bbe320 [none]
[debug] [2026-10-06T19:34:53.157Z] >>> [apiv2][body] POST https://upload-firebasehosting.googleapis.com/upload/sites/agam-portfolio/versions/a72b0630268fca67/files/73705be3fec8529ad662af28f40c25ac2944f7c78e8cd4f177ad60f564bbe320 [stream]
[debug] [2026-10-06T19:34:53.158Z] >>> [apiv2][query] POST https://upload-firebasehosting.googleapis.com/upload/sites/agam-portfolio/versions/a72b0630268fca67/files/3e11668c283ec2a89ca7af7ae77c6066ba39488f378ab6f0df0a79ae756b7cea [none]
[debug] [2026-10-06T19:34:53.158Z] >>> [apiv2][body] POST https://upload-firebasehosting.googleapis.com/upload/sites/agam-portfolio/versions/a72b0630268fca67/files/3e11668c283ec2a89ca7af7ae77c6066ba39488f378ab6f0df0a79ae756b7cea [stream]
[debug] [2026-10-06T19:34:53.158Z] >>> [apiv2][query] POST https://upload-firebasehosting.googleapis.com/upload/sites/agam-portfolio/versions/a72b0630268fca67/files/8dbb4c2b635d3ae66dfc03bcc8ca85eb28493c473f593f8447f7c5c7a1325f77 [none]
[debug] [2026-10-06T19:34:53.158Z] >>> [apiv2][body] POST https://upload-firebasehosting.googleapis.com/upload/sites/agam-portfolio/versions/a72b0630268fca67/files/8dbb4c2b635d3ae66dfc03bcc8ca85eb28493c473f593f8447f7c5c7a1325f77 [stream]
[debug] [2026-10-06T19:34:53.159Z] >>> [apiv2][query] POST https://upload-firebasehosting.googleapis.com/upload/sites/agam-portfolio/versions/a72b0630268fca67/files/33a3b72b9bd794c8a0178d3d6ede59fd7707734bd4b48e291e66014cc0f24ee7 [none]
[debug] [2026-10-06T19:34:53.159Z] >>> [apiv2][body] POST https://upload-firebasehosting.googleapis.com/upload/sites/agam-portfolio/versions/a72b0630268fca67/files/33a3b72b9bd794c8a0178d3d6ede59fd7707734bd4b48e291e66014cc0f24ee7 [stream]
[debug] [2026-10-06T19:34:53.160Z] >>> [apiv2][query] POST https://upload-firebasehosting.googleapis.com/upload/sites/agam-portfolio/versions/a72b0630268fca67/files/9aa835b6f1bbc5957890a7feb2c26ab2d85bbd203e6f917a67e88d7305eca77a [none]
[debug] [2026-10-06T19:34:53.160Z] >>> [apiv2][body] POST https://upload-firebasehosting.googleapis.com/upload/sites/agam-portfolio/versions/a72b0630268fca67/files/9aa835b6f1bbc5957890a7feb2c26ab2d85bbd203e6f917a67e88d7305eca77a [stream]
[debug] [2026-10-06T19:34:53.160Z] >>> [apiv2][query] POST https://upload-firebasehosting.googleapis.com/upload/sites/agam-portfolio/versions/a72b0630268fca67/files/c780524434d4b5c9c37001ef105778e3c505cd556458178dea9eca22ec0574aa [none]
[debug] [2026-10-06T19:34:53.160Z] >>> [apiv2][body] POST https://upload-firebasehosting.googleapis.com/upload/sites/agam-portfolio/versions/a72b0630268fca67/files/c780524434d4b5c9c37001ef105778e3c505cd556458178dea9eca22ec0574aa [stream]
[debug] [2026-10-06T19:34:53.161Z] [hosting][populate queue][FINAL] {"max":1198,"min":1198,"avg":1198,"active":0,"complete":1,"success":1,"errored":0,"retried":0,"total":1,"elapsed":1223}
[debug] [2026-10-06T19:34:53.161Z] [hosting] uploads queued: 24
[info] i  hosting: uploading new files [0/24] (0%) 
[debug] [2026-10-06T19:34:54.918Z] <<< [apiv2][status] POST https://upload-firebasehosting.googleapis.com/upload/sites/agam-portfolio/versions/a72b0630268fca67/files/7390c62eb28085d19bf35169c6458568dc5fc1c7a61d9de429b18e5ded073b8c 200
[debug] [2026-10-06T19:34:54.918Z] <<< [apiv2][body] POST https://upload-firebasehosting.googleapis.com/upload/sites/agam-portfolio/versions/a72b0630268fca67/files/7390c62eb28085d19bf35169c6458568dc5fc1c7a61d9de429b18e5ded073b8c [stream]
[debug] [2026-10-06T19:34:54.936Z] <<< [apiv2][status] POST https://upload-firebasehosting.googleapis.com/upload/sites/agam-portfolio/versions/a72b0630268fca67/files/3e4a8ec82304667ec56c8153252015ff839c3016c01bfd57cab2a9284573a500 200
[debug] [2026-10-06T19:34:54.936Z] <<< [apiv2][body] POST https://upload-firebasehosting.googleapis.com/upload/sites/agam-portfolio/versions/a72b0630268fca67/files/3e4a8ec82304667ec56c8153252015ff839c3016c01bfd57cab2a9284573a500 [stream]
[debug] [2026-10-06T19:34:54.938Z] <<< [apiv2][status] POST https://upload-firebasehosting.googleapis.com/upload/sites/agam-portfolio/versions/a72b0630268fca67/files/c2961d0b074d151f55c2d29599f3506fe9fe3512b6ccbcb002d3a8e74c6fe845 200
[debug] [2026-10-06T19:34:54.938Z] <<< [apiv2][body] POST https://upload-firebasehosting.googleapis.com/upload/sites/agam-portfolio/versions/a72b0630268fca67/files/c2961d0b074d151f55c2d29599f3506fe9fe3512b6ccbcb002d3a8e74c6fe845 [stream]
[debug] [2026-10-06T19:34:54.945Z] <<< [apiv2][status] POST https://upload-firebasehosting.googleapis.com/upload/sites/agam-portfolio/versions/a72b0630268fca67/files/75d6da4fca635dae6785b9153ab428a6fbad02d0bf96b3cad34de574b4781134 200
[debug] [2026-10-06T19:34:54.945Z] <<< [apiv2][body] POST https://upload-firebasehosting.googleapis.com/upload/sites/agam-portfolio/versions/a72b0630268fca67/files/75d6da4fca635dae6785b9153ab428a6fbad02d0bf96b3cad34de574b4781134 [stream]
[debug] [2026-10-06T19:34:54.956Z] <<< [apiv2][status] POST https://upload-firebasehosting.googleapis.com/upload/sites/agam-portfolio/versions/a72b0630268fca67/files/37fed69c9af253d6d0c0cde15d1df366eb1068126fd754ca751af7d59626c825 200
[debug] [2026-10-06T19:34:54.956Z] <<< [apiv2][body] POST https://upload-firebasehosting.googleapis.com/upload/sites/agam-portfolio/versions/a72b0630268fca67/files/37fed69c9af253d6d0c0cde15d1df366eb1068126fd754ca751af7d59626c825 [stream]
[debug] [2026-10-06T19:34:54.970Z] <<< [apiv2][status] POST https://upload-firebasehosting.googleapis.com/upload/sites/agam-portfolio/versions/a72b0630268fca67/files/f58e1707a4e85a200f21ef8068eb46c788592eddb269e7ae209384282d303413 200
[debug] [2026-10-06T19:34:54.970Z] <<< [apiv2][body] POST https://upload-firebasehosting.googleapis.com/upload/sites/agam-portfolio/versions/a72b0630268fca67/files/f58e1707a4e85a200f21ef8068eb46c788592eddb269e7ae209384282d303413 [stream]
[debug] [2026-10-06T19:34:54.983Z] <<< [apiv2][status] POST https://upload-firebasehosting.googleapis.com/upload/sites/agam-portfolio/versions/a72b0630268fca67/files/1c67097dd2d307f9f48f89c3e110af58696fc415aea8c727e9c1e51e0a27a6c6 200
[debug] [2026-10-06T19:34:54.984Z] <<< [apiv2][body] POST https://upload-firebasehosting.googleapis.com/upload/sites/agam-portfolio/versions/a72b0630268fca67/files/1c67097dd2d307f9f48f89c3e110af58696fc415aea8c727e9c1e51e0a27a6c6 [stream]
[debug] [2026-10-06T19:34:55.000Z] <<< [apiv2][status] POST https://upload-firebasehosting.googleapis.com/upload/sites/agam-portfolio/versions/a72b0630268fca67/files/33a3b72b9bd794c8a0178d3d6ede59fd7707734bd4b48e291e66014cc0f24ee7 200
[debug] [2026-10-06T19:34:55.001Z] <<< [apiv2][body] POST https://upload-firebasehosting.googleapis.com/upload/sites/agam-portfolio/versions/a72b0630268fca67/files/33a3b72b9bd794c8a0178d3d6ede59fd7707734bd4b48e291e66014cc0f24ee7 [stream]
[debug] [2026-10-06T19:34:55.002Z] <<< [apiv2][status] POST https://upload-firebasehosting.googleapis.com/upload/sites/agam-portfolio/versions/a72b0630268fca67/files/4bc9ef053cbfc981ef785985d594247d68d86ac32771b524e1b9d7ff0f5a15af 200
[debug] [2026-10-06T19:34:55.002Z] <<< [apiv2][body] POST https://upload-firebasehosting.googleapis.com/upload/sites/agam-portfolio/versions/a72b0630268fca67/files/4bc9ef053cbfc981ef785985d594247d68d86ac32771b524e1b9d7ff0f5a15af [stream]
[debug] [2026-10-06T19:34:55.034Z] <<< [apiv2][status] POST https://upload-firebasehosting.googleapis.com/upload/sites/agam-portfolio/versions/a72b0630268fca67/files/465ce41168a452a7fae2cb4884018e5896a5e83cf7e24414ceba38304a44a374 200
[debug] [2026-10-06T19:34:55.034Z] <<< [apiv2][body] POST https://upload-firebasehosting.googleapis.com/upload/sites/agam-portfolio/versions/a72b0630268fca67/files/465ce41168a452a7fae2cb4884018e5896a5e83cf7e24414ceba38304a44a374 [stream]
[debug] [2026-10-06T19:34:55.036Z] <<< [apiv2][status] POST https://upload-firebasehosting.googleapis.com/upload/sites/agam-portfolio/versions/a72b0630268fca67/files/55c731b0eb0235c7b59e7bc0672736eb42c9aec2de3d1dc76de0b03235490210 200
[debug] [2026-10-06T19:34:55.036Z] <<< [apiv2][body] POST https://upload-firebasehosting.googleapis.com/upload/sites/agam-portfolio/versions/a72b0630268fca67/files/55c731b0eb0235c7b59e7bc0672736eb42c9aec2de3d1dc76de0b03235490210 [stream]
[debug] [2026-10-06T19:34:55.068Z] <<< [apiv2][status] POST https://upload-firebasehosting.googleapis.com/upload/sites/agam-portfolio/versions/a72b0630268fca67/files/74dbe3d0a5c8b194b64507efda378ff44019f2a0214da99754c8378ff0406f10 200
[debug] [2026-10-06T19:34:55.068Z] <<< [apiv2][body] POST https://upload-firebasehosting.googleapis.com/upload/sites/agam-portfolio/versions/a72b0630268fca67/files/74dbe3d0a5c8b194b64507efda378ff44019f2a0214da99754c8378ff0406f10 [stream]
[debug] [2026-10-06T19:34:55.069Z] <<< [apiv2][status] POST https://upload-firebasehosting.googleapis.com/upload/sites/agam-portfolio/versions/a72b0630268fca67/files/ece9ca7a5e58d40145948680cb5b8940ef749d1655a1a64b61276ebb23b663df 200
[debug] [2026-10-06T19:34:55.069Z] <<< [apiv2][body] POST https://upload-firebasehosting.googleapis.com/upload/sites/agam-portfolio/versions/a72b0630268fca67/files/ece9ca7a5e58d40145948680cb5b8940ef749d1655a1a64b61276ebb23b663df [stream]
[debug] [2026-10-06T19:34:55.126Z] <<< [apiv2][status] POST https://upload-firebasehosting.googleapis.com/upload/sites/agam-portfolio/versions/a72b0630268fca67/files/a8f8eb3065077159d8cffa404b42baa292dc1400721869180c5dbb821e11661f 200
[debug] [2026-10-06T19:34:55.126Z] <<< [apiv2][body] POST https://upload-firebasehosting.googleapis.com/upload/sites/agam-portfolio/versions/a72b0630268fca67/files/a8f8eb3065077159d8cffa404b42baa292dc1400721869180c5dbb821e11661f [stream]
[debug] [2026-10-06T19:34:55.156Z] <<< [apiv2][status] POST https://upload-firebasehosting.googleapis.com/upload/sites/agam-portfolio/versions/a72b0630268fca67/files/3e11668c283ec2a89ca7af7ae77c6066ba39488f378ab6f0df0a79ae756b7cea 200
[debug] [2026-10-06T19:34:55.157Z] <<< [apiv2][body] POST https://upload-firebasehosting.googleapis.com/upload/sites/agam-portfolio/versions/a72b0630268fca67/files/3e11668c283ec2a89ca7af7ae77c6066ba39488f378ab6f0df0a79ae756b7cea [stream]
[debug] [2026-10-06T19:34:55.203Z] <<< [apiv2][status] POST https://upload-firebasehosting.googleapis.com/upload/sites/agam-portfolio/versions/a72b0630268fca67/files/35440dfc5ca2b8e6376da928b3bcb915fae0d31836c53fede0b388b954a642b8 200
[debug] [2026-10-06T19:34:55.203Z] <<< [apiv2][body] POST https://upload-firebasehosting.googleapis.com/upload/sites/agam-portfolio/versions/a72b0630268fca67/files/35440dfc5ca2b8e6376da928b3bcb915fae0d31836c53fede0b388b954a642b8 [stream]
[debug] [2026-10-06T19:34:55.217Z] <<< [apiv2][status] POST https://upload-firebasehosting.googleapis.com/upload/sites/agam-portfolio/versions/a72b0630268fca67/files/2e07850fb94a3f67dc9032a89ca20898b0e241057a1e4dea169f2208bdca2fbf 200
[debug] [2026-10-06T19:34:55.218Z] <<< [apiv2][body] POST https://upload-firebasehosting.googleapis.com/upload/sites/agam-portfolio/versions/a72b0630268fca67/files/2e07850fb94a3f67dc9032a89ca20898b0e241057a1e4dea169f2208bdca2fbf [stream]
[debug] [2026-10-06T19:34:55.236Z] <<< [apiv2][status] POST https://upload-firebasehosting.googleapis.com/upload/sites/agam-portfolio/versions/a72b0630268fca67/files/46c6ac93734e63450fcd2b8408ab36dd02c4441d17873f742ee6c06e2c795da0 200
[debug] [2026-10-06T19:34:55.236Z] <<< [apiv2][body] POST https://upload-firebasehosting.googleapis.com/upload/sites/agam-portfolio/versions/a72b0630268fca67/files/46c6ac93734e63450fcd2b8408ab36dd02c4441d17873f742ee6c06e2c795da0 [stream]
[debug] [2026-10-06T19:34:55.256Z] <<< [apiv2][status] POST https://upload-firebasehosting.googleapis.com/upload/sites/agam-portfolio/versions/a72b0630268fca67/files/9aa835b6f1bbc5957890a7feb2c26ab2d85bbd203e6f917a67e88d7305eca77a 200
[debug] [2026-10-06T19:34:55.256Z] <<< [apiv2][body] POST https://upload-firebasehosting.googleapis.com/upload/sites/agam-portfolio/versions/a72b0630268fca67/files/9aa835b6f1bbc5957890a7feb2c26ab2d85bbd203e6f917a67e88d7305eca77a [stream]
[debug] [2026-10-06T19:34:55.274Z] <<< [apiv2][status] POST https://upload-firebasehosting.googleapis.com/upload/sites/agam-portfolio/versions/a72b0630268fca67/files/9918e2a24d18ce58b4f1fc8c19b6a641f39b9135c3f42cded5a3d6de6911bf73 200
[debug] [2026-10-06T19:34:55.274Z] <<< [apiv2][body] POST https://upload-firebasehosting.googleapis.com/upload/sites/agam-portfolio/versions/a72b0630268fca67/files/9918e2a24d18ce58b4f1fc8c19b6a641f39b9135c3f42cded5a3d6de6911bf73 [stream]
[debug] [2026-10-06T19:34:55.297Z] <<< [apiv2][status] POST https://upload-firebasehosting.googleapis.com/upload/sites/agam-portfolio/versions/a72b0630268fca67/files/9b4305afab553ec6fa979c97ea018ada25372de1bdf2167018b556cb0d4b3e76 200
[debug] [2026-10-06T19:34:55.297Z] <<< [apiv2][body] POST https://upload-firebasehosting.googleapis.com/upload/sites/agam-portfolio/versions/a72b0630268fca67/files/9b4305afab553ec6fa979c97ea018ada25372de1bdf2167018b556cb0d4b3e76 [stream]
[debug] [2026-10-06T19:34:55.298Z] <<< [apiv2][status] POST https://upload-firebasehosting.googleapis.com/upload/sites/agam-portfolio/versions/a72b0630268fca67/files/73705be3fec8529ad662af28f40c25ac2944f7c78e8cd4f177ad60f564bbe320 200
[debug] [2026-10-06T19:34:55.298Z] <<< [apiv2][body] POST https://upload-firebasehosting.googleapis.com/upload/sites/agam-portfolio/versions/a72b0630268fca67/files/73705be3fec8529ad662af28f40c25ac2944f7c78e8cd4f177ad60f564bbe320 [stream]
[debug] [2026-10-06T19:34:55.329Z] <<< [apiv2][status] POST https://upload-firebasehosting.googleapis.com/upload/sites/agam-portfolio/versions/a72b0630268fca67/files/8dbb4c2b635d3ae66dfc03bcc8ca85eb28493c473f593f8447f7c5c7a1325f77 200
[debug] [2026-10-06T19:34:55.329Z] <<< [apiv2][body] POST https://upload-firebasehosting.googleapis.com/upload/sites/agam-portfolio/versions/a72b0630268fca67/files/8dbb4c2b635d3ae66dfc03bcc8ca85eb28493c473f593f8447f7c5c7a1325f77 [stream]
[info] i  hosting: uploading new files [23/24] (95%) 
